
Setting environment for using XAMPP for Windows.
EDW_2324@DESKTOP-BJ4CCR1 c:\xampp
# mysql -u root --
Welcome to the MariaDB monitor.  Commands end with ; or \g.
Your MariaDB connection id is 512
Server version: 10.4.24-MariaDB mariadb.org binary distribution

Copyright (c) 2000, 2018, Oracle, MariaDB Corporation Ab and others.

Type 'help;' or '\h' for help. Type '\c' to clear the current input statement.

MariaDB [(none)]> help

General information about MariaDB can be found at
http://mariadb.org

List of all client commands:
Note that all text commands must be first on line and end with ';'
?         (\?) Synonym for `help'.
clear     (\c) Clear the current input statement.
connect   (\r) Reconnect to the server. Optional arguments are db and host.
delimiter (\d) Set statement delimiter.
edit      (\e) Edit command with $EDITOR.
ego       (\G) Send command to MariaDB server, display result vertically.
exit      (\q) Exit mysql. Same as quit.
go        (\g) Send command to MariaDB server.
help      (\h) Display this help.
nopager   (\n) Disable pager, print to stdout.
notee     (\t) Don't write into outfile.
pager     (\P) Set PAGER [to_pager]. Print the query results via PAGER.
print     (\p) Print current command.
prompt    (\R) Change your mysql prompt.
quit      (\q) Quit mysql.
rehash    (\#) Rebuild completion hash.
source    (\.) Execute an SQL script file. Takes a file name as an argument.
status    (\s) Get status information from the server.
system    (\!) Execute a system shell command.
tee       (\T) Set outfile [to_outfile]. Append everything into given outfile.
use       (\u) Use another database. Takes database name as argument.
charset   (\C) Switch to another charset. Might be needed for processing binlog with multi-byte charsets.
warnings  (\W) Show warnings after every statement.
nowarning (\w) Don't show warnings after every statement.

For server side help, type 'help contents'

MariaDB [(none)]> SET NAMES 'utf8'
    -> ;
Query OK, 0 rows affected (0.000 sec)

MariaDB [(none)]> CREATE DATABASE ma_base;
Query OK, 1 row affected (0.001 sec)

MariaDB [(none)]> USE ma_base
Database changed
MariaDB [ma_base]> CREATE TABLE utilisateur(    id INT PRIMARY KEY NOT NULL,    nom VARCHAR(100),    prenom VARCHAR(100),    email VARCHAR(255),    date_naissance DATE,    pays VARCHAR(255),    ville VARCHAR(255),    code_postal VARCHAR(5),    nombre_achat INT);
Query OK, 0 rows affected (0.034 sec)

MariaDB [ma_base]>
MariaDB [ma_base]> CREATE TABLE utilisateur(    id INT PRIMARY KEY NOT NULL,    nom VARCHAR(100),    prenom VARCHAR(100),    email VARCHAR(255),    date_naissance DATE,    pays VARCHAR(255),    ville VARCHAR(255),    code_postal VARCHAR(5),    nombre_achat INT);
ERROR 1050 (42S01): Table 'utilisateur' already exists
MariaDB [ma_base]> SELECT nom FROM utilisateur ;
Empty set (0.001 sec)

MariaDB [ma_base]> SELECT nom, prenom FORM utilisateur ;
ERROR 1064 (42000): You have an error in your SQL syntax; check the manual that corresponds to your MariaDB server version for the right syntax to use near 'utilisateur' at line 1
MariaDB [ma_base]> SELECT nom, prenom FORM utilisateur;
ERROR 1064 (42000): You have an error in your SQL syntax; check the manual that corresponds to your MariaDB server version for the right syntax to use near 'utilisateur' at line 1
MariaDB [ma_base]> SELECT nom, prenom FROM utilisateur;
Empty set (0.000 sec)

MariaDB [ma_base]>  CREATE TABLE client
    ->
    ->
    ->
    ->
    ->
    ->
    ->
    ->
    ->
    ->
    -> (
    -> id INT PRIMARY KEY NOT NULL,
    -> nom VARCHER(100),
    -> nom VARCHAR(100),
    -> prenom VARCHAR(255),
    -> prenom VARCHAR(100),
    -> ville VARCHAR(255),
    -> age INT(3)
    -> );
ERROR 1064 (42000): You have an error in your SQL syntax; check the manual that corresponds to your MariaDB server version for the right syntax to use near '(100),
nom VARCHAR(100),
prenom VARCHAR(255),
prenom VARCHAR(100),
ville VARC...' at line 14
MariaDB [ma_base]>   CREATE TABLE client
    ->
    -> (
    -> id INT PREMARY KEY NOT NULL,
    -> nom VARCHAR(100),
    -> prenom VARCHAR(100),
    -> ville VARCHAR(255),
    -> age INT(3),
    -> );
ERROR 1064 (42000): You have an error in your SQL syntax; check the manual that corresponds to your MariaDB server version for the right syntax to use near 'KEY NOT NULL,
nom VARCHAR(100),
prenom VARCHAR(100),
ville VARCHAR(255),
age ...' at line 4
MariaDB [ma_base]> CREATE TABLE client (
    -> (
    -> id INT PRIMARY KEY NOT NULL,
    -> nom VACHAR(100),
    -> prenom VACHAR(100),
    -> ville VACHAR(255),
    -> age INT(3),
    -> );
ERROR 1064 (42000): You have an error in your SQL syntax; check the manual that corresponds to your MariaDB server version for the right syntax to use near 'id INT PRIMARY KEY NOT NULL,
nom VACHAR(100),
prenom VACHAR(100),
ville VACHA...' at line 3
MariaDB [ma_base]> CREATE TABLE client (
    -> id INT PRIMARY KEY NOT NULL,
    -> nom VARCHAR(100),
    -> prenom VARCHAR(100),
    -> ville VARCHAR(255),
    -> age INT(3)
    -> );
Query OK, 0 rows affected (0.024 sec)

MariaDB [ma_base]> NSERT INTO client (nom, prenom, ville) VALUES  ('Pisola', 'Patrick’, 'Paris'),  ('Diallo', 'Alpha', 'Dunkerque'),  ('Don', 'Juan', 'Log Angeles'),  ('Igoudjil', 'Idir', 'Marseille');
ERROR 1064 (42000): You have an error in your SQL syntax; check the manual that corresponds to your MariaDB server version for the right syntax to use near 'NSERT INTO client (nom, prenom, ville) VALUES  ('Pisola', 'Patrick', 'Paris')...' at line 1
MariaDB [ma_base]> INSERT INTO client (prenom, nom, ville, age) VALUES ('Rébecca', 'Armand', 'Saint-Didier-des-Bois', 24), ('Aimée', 'Hebert', 'Marigny-le-Châtel', 36), ('Marielle', 'Ribeiro', 'Maillères', 27), ('Hilaire', 'Savary', 'Conie-Molitard', 58);
Query OK, 4 rows affected, 4 warnings (0.002 sec)
Records: 4  Duplicates: 0  Warnings: 4

MariaDB [ma_base]> SELECT * FROM client;
+----+---------+----------+-----------------------+------+
| id | nom     | prenom   | ville                 | age  |
+----+---------+----------+-----------------------+------+
|  1 | Armand  | R?becca  | Saint-Didier-des-Bois |   24 |
|  2 | Hebert  | Aim?e    | Marigny-le-Ch?tel     |   36 |
|  3 | Ribeiro | Marielle | Maill?res             |   27 |
|  4 | Savary  | Hilaire  | Conie-Molitard        |   58 |
+----+---------+----------+-----------------------+------+
4 rows in set (0.000 sec)

MariaDB [ma_base]> SELECT prenom FROM client;
+----------+
| prenom   |
+----------+
| R?becca  |
| Aim?e    |
| Marielle |
| Hilaire  |
+----------+
4 rows in set (0.000 sec)

MariaDB [ma_base]> SELECT nom, prenom FROM client;
+---------+----------+
| nom     | prenom   |
+---------+----------+
| Armand  | R?becca  |
| Hebert  | Aim?e    |
| Ribeiro | Marielle |
| Savary  | Hilaire  |
+---------+----------+
4 rows in set (0.001 sec)

MariaDB [ma_base]> SELECT prenom, id FROM client;
+----------+----+
| prenom   | id |
+----------+----+
| R?becca  |  1 |
| Aim?e    |  2 |
| Marielle |  3 |
| Hilaire  |  4 |
+----------+----+
4 rows in set (0.000 sec)

MariaDB [ma_base]>  UPDATE client SET prenom='Delia', ville='Poissy' WHERE id='1'
    ->
    ->
    ->  UPDATE client SET prenom='Delia', ville='Poissy' WHERE id='1';
ERROR 1064 (42000): You have an error in your SQL syntax; check the manual that corresponds to your MariaDB server version for the right syntax to use near 'UPDATE client SET prenom='Delia', ville='Poissy' WHERE id='1'' at line 4
MariaDB [ma_base]>  UPDATE client SET prenom='Delia', ville='Poissy' WHERE id='1';
Query OK, 1 row affected (0.002 sec)
Rows matched: 1  Changed: 1  Warnings: 0

MariaDB [ma_base]> UPDATE client SET nom='Danciu', age='29' WHERE id='5';
Query OK, 0 rows affected (0.000 sec)
Rows matched: 0  Changed: 0  Warnings: 0

MariaDB [ma_base]>